[    0.000000] Initializing cgroup subsys cpuset
[    0.000000] Initializing cgroup subsys cpu
[    0.000000] Initializing cgroup subsys cpuacct
[    0.000000] Linux version 4.4.0-204-generic (buildd@lgw01-amd64-018) (gcc version 5.4.0 20160609 (Ubuntu 5.4.0-6ubuntu1~16.04.12) ) #236-Ubuntu SMP Fri Feb 19 16:11:27 UTC 2021 (Ubuntu 4.4.0-204.236-generic 4.4.254)
[    0.000000] Command line: BOOT_IMAGE=/boot/vmlinuz-4.4.0-204-generic root=LABEL=cloudimg-rootfs ro console=tty1 console=ttyS0
[    0.000000] KERNEL supported cpus:
[    0.000000]   Intel GenuineIntel
[    0.000000]   AMD AuthenticAMD
[    0.000000]   Centaur CentaurHauls
[    0.000000] x86/fpu: Legacy x87 FPU detected.
[    0.000000] e820: BIOS-provided physical RAM map:
[    0.000000] BIOS-e820: [mem 0x0000000000000000-0x000000000009fbff] usable
[    0.000000] BIOS-e820: [mem 0x000000000009fc00-0x000000000009ffff] reserved
[    0.000000] BIOS-e820: [mem 0x00000000000f0000-0x00000000000fffff] reserved
[    0.000000] BIOS-e820: [mem 0x0000000000100000-0x000000003ffeffff] usable
[    0.000000] BIOS-e820: [mem 0x000000003fff0000-0x000000003fffffff] ACPI data
[    0.000000] BIOS-e820: [mem 0x00000000fec00000-0x00000000fec00fff] reserved
[    0.000000] BIOS-e820: [mem 0x00000000fee00000-0x00000000fee00fff] reserved
[    0.000000] BIOS-e820: [mem 0x00000000fffc0000-0x00000000ffffffff] reserved
[    0.000000] NX (Execute Disable) protection: active
[    0.000000] SMBIOS 2.5 present.
[    0.000000] Hypervisor detected: KVM
[    0.000000] e820: last_pfn = 0x3fff0 max_arch_pfn = 0x400000000
[    0.000000] MTRR: Disabled
[    0.000000] x86/PAT: MTRRs disabled, skipping PAT initialization too.
[    0.000000] CPU MTRRs all blank - virtualized system.
[    0.000000] x86/PAT: Configuration [0-7]: WB  WT  UC- UC  WB  WT  UC- UC  
[    0.000000] found SMP MP-table at [mem 0x0009fff0-0x0009ffff] mapped at [ffff88000009fff0]
[    0.000000] Scanning 1 areas for low memory corruption
[    0.000000] RAMDISK: [mem 0x362de000-0x37166fff]
[    0.000000] ACPI: Early table checksum verification disabled
[    0.000000] ACPI: RSDP 0x00000000000E0000 000024 (v02 VBOX  )
[    0.000000] ACPI: XSDT 0x000000003FFF0030 00003C (v01 VBOX   VBOXXSDT 00000001 ASL  00000061)
[    0.000000] ACPI: FACP 0x000000003FFF00F0 0000F4 (v04 VBOX   VBOXFACP 00000001 ASL  00000061)
[    0.000000] ACPI: DSDT 0x000000003FFF0470 002325 (v02 VBOX   VBOXBIOS 00000002 INTL 20100528)
[    0.000000] ACPI: FACS 0x000000003FFF0200 000040
[    0.000000] ACPI: FACS 0x000000003FFF0200 000040
[    0.000000] ACPI: APIC 0x000000003FFF0240 00005C (v02 VBOX   VBOXAPIC 00000001 ASL  00000061)
[    0.000000] ACPI: SSDT 0x000000003FFF02A0 0001CC (v01 VBOX   VBOXCPUT 00000002 INTL 20100528)
[    0.000000] No NUMA configuration found
[    0.000000] Faking a node at [mem 0x0000000000000000-0x000000003ffeffff]
[    0.000000] NODE_DATA(0) allocated [mem 0x3ffeb000-0x3ffeffff]
[    0.000000] kvm-clock: Using msrs 4b564d01 and 4b564d00
[    0.000000] kvm-clock: cpu 0, msr 0:3ffe3001, primary cpu clock
[    0.000000] kvm-clock: using sched offset of 14395324673 cycles
[    0.000000] clocksource: kvm-clock: mask: 0xffffffffffffffff max_cycles: 0x1cd42e4dffb, max_idle_ns: 881590591483 ns
[    0.000000] Zone ranges:
[    0.000000]   DMA      [mem 0x0000000000001000-0x0000000000ffffff]
[    0.000000]   DMA32    [mem 0x0000000001000000-0x000000003ffeffff]
[    0.000000]   Normal   empty
[    0.000000]   Device   empty
[    0.000000] Movable zone start for each node
[    0.000000] Early memory node ranges
[    0.000000]   node   0: [mem 0x0000000000001000-0x000000000009efff]
[    0.000000]   node   0: [mem 0x0000000000100000-0x000000003ffeffff]
[    0.000000] Initmem setup node 0 [mem 0x0000000000001000-0x000000003ffeffff]
[    0.000000] ACPI: PM-Timer IO Port: 0x4008
[    0.000000] IOAPIC[0]: apic_id 2, version 32, address 0xfec00000, GSI 0-23
[    0.000000] ACPI: INT_SRC_OVR (bus 0 bus_irq 0 global_irq 2 dfl dfl)
[    0.000000] ACPI: INT_SRC_OVR (bus 0 bus_irq 9 global_irq 9 low level)
[    0.000000] Using ACPI (MADT) for SMP configuration information
[    0.000000] smpboot: Allowing 2 CPUs, 0 hotplug CPUs
[    0.000000] PM: Registered nosave memory: [mem 0x00000000-0x00000fff]
[    0.000000] PM: Registered nosave memory: [mem 0x0009f000-0x0009ffff]
[    0.000000] PM: Registered nosave memory: [mem 0x000a0000-0x000effff]
[    0.000000] PM: Registered nosave memory: [mem 0x000f0000-0x000fffff]
[    0.000000] e820: [mem 0x40000000-0xfebfffff] available for PCI devices
[    0.000000] Booting paravirtualized kernel on KVM
[    0.000000] clocksource: refined-jiffies: mask: 0xffffffff max_cycles: 0xffffffff, max_idle_ns: 7645519600211568 ns
[    0.000000] setup_percpu: NR_CPUS:512 nr_cpumask_bits:512 nr_cpu_ids:2 nr_node_ids:1
[    0.000000] PERCPU: Embedded 33 pages/cpu @ffff88003fc00000 s95640 r8192 d31336 u1048576
[    0.000000] Built 1 zonelists in Node order, mobility grouping on.  Total pages: 257912
[    0.000000] Policy zone: DMA32
[    0.000000] Kernel command line: BOOT_IMAGE=/boot/vmlinuz-4.4.0-204-generic root=LABEL=cloudimg-rootfs ro console=tty1 console=ttyS0
[    0.000000] PID hash table entries: 4096 (order: 3, 32768 bytes)
[    0.000000] Memory: 997656K/1048120K available (8641K kernel code, 1337K rwdata, 4044K rodata, 1496K init, 1296K bss, 50464K reserved, 0K cma-reserved)
[    0.000000] SLUB: HWalign=64, Order=0-3, MinObjects=0, CPUs=2, Nodes=1
[    0.000000] Kernel/User page tables isolation: enabled
[    0.000000] Hierarchical RCU implementation.
[    0.000000] 	Build-time adjustment of leaf fanout to 64.
[    0.000000] 	RCU restricting CPUs from NR_CPUS=512 to nr_cpu_ids=2.
[    0.000000] RCU: Adjusting geometry for rcu_fanout_leaf=64, nr_cpu_ids=2
[    0.000000] NR_IRQS:33024 nr_irqs:440 16
[    0.000000] Console: colour VGA+ 80x25
[    0.000000] console [tty1] enabled
[    0.000000] console [ttyS0] enabled
[    0.000000] tsc: Detected 1800.000 MHz processor
[    3.353272] Calibrating delay loop (skipped) preset value.. 3600.00 BogoMIPS (lpj=7200000)
[    3.405304] pid_max: default: 32768 minimum: 301
[    3.430383] ACPI: Core revision 20150930
[    3.463251] ACPI: 2 ACPI AML tables successfully acquired and loaded
[    3.509760] Security Framework initialized
[    3.533602] Yama: becoming mindful.
[    3.566707] AppArmor: AppArmor initialized
[    3.606512] Dentry cache hash table entries: 131072 (order: 8, 1048576 bytes)
[    3.721789] Inode-cache hash table entries: 65536 (order: 7, 524288 bytes)
[    3.803316] Mount-cache hash table entries: 2048 (order: 2, 16384 bytes)
[    3.852547] Mountpoint-cache hash table entries: 2048 (order: 2, 16384 bytes)
[    3.922461] Initializing cgroup subsys io
[    3.949361] Initializing cgroup subsys memory
[    3.977866] Initializing cgroup subsys devices
[    4.010528] Initializing cgroup subsys freezer
[    4.046179] Initializing cgroup subsys net_cls
[    4.082015] Initializing cgroup subsys perf_event
[    4.113724] Initializing cgroup subsys net_prio
[    4.148151] Initializing cgroup subsys hugetlb
[    4.184060] Initializing cgroup subsys pids
[    4.224605] mce: CPU supports 0 MCE banks
[    4.253673] Last level iTLB entries: 4KB 64, 2MB 8, 4MB 8
[    4.290041] Last level dTLB entries: 4KB 64, 2MB 0, 4MB 0, 1GB 4
[    4.329245] Spectre V1 : Mitigation: usercopy/swapgs barriers and __user pointer sanitization
[    4.385709] Spectre V2 : Mitigation: Full generic retpoline
[    4.421038] Spectre V2 : Spectre v2 / SpectreRSB mitigation: Filling RSB on context switch
[    4.465675] Speculative Store Bypass: Vulnerable
[    4.498238] MDS: Mitigation: Clear CPU buffers
[    4.667728] Freeing SMP alternatives memory: 36K
[    5.005704] ftrace: allocating 32368 entries in 127 pages
[    9.305920] smpboot: APIC(0) Converting physical 0 to logical package 0
[    9.376773] smpboot: Max logical packages: 1
[    9.545794] ..TIMER: vector=0x30 apic1=0 pin1=2 apic2=-1 pin2=-1
[    9.699263] APIC calibration not consistent with PM-Timer: 102ms instead of 100ms
[    9.751194] APIC delta adjusted to PM-Timer: 6274589 (6449091)
[    9.797260] smpboot: CPU0: Intel(R) Core(TM) i5-8250U CPU @ 1.60GHz (family: 0x6, model: 0x8e, stepping: 0xa)
[    9.859617] Performance Events: unsupported p6 CPU model 142 no PMU driver, software events only.
[   10.453497] KVM setup paravirtual spinlock
[   10.513782] x86: Booting SMP configuration:
[   10.548117] .... node  #0, CPUs:      #1
[   10.597206] kvm-clock: cpu 1, msr 0:3ffe3041, secondary cpu clock
[   10.643628] mce: CPU supports 0 MCE banks
[   10.657988] TSC synchronization [CPU#0 -> CPU#1]:
[   10.692290] Measured 152322 cycles TSC warp between CPUs, turning off TSC clock.
[   10.758937] tsc: Marking TSC unstable due to check_tsc_sync_source failed
[   10.810384] x86: Booted up 1 node, 2 CPUs
[   10.842674] smpboot: Total of 2 processors activated (7200.00 BogoMIPS)
[    1.764031] devtmpfs: initialized
[    1.796244] evm: security.selinux
[    1.804024] evm: security.SMACK64
[    1.808019] evm: security.SMACK64EXEC
[    1.812019] evm: security.SMACK64TRANSMUTE
[    1.816022] evm: security.SMACK64MMAP
[    1.820021] evm: security.ima
[    1.824020] evm: security.capability
[    1.844761] clocksource: jiffies: mask: 0xffffffff max_cycles: 0xffffffff, max_idle_ns: 7645041785100000 ns
[    1.972101] futex hash table entries: 512 (order: 3, 32768 bytes)
[    2.045571] pinctrl core: initialized pinctrl subsystem
[    2.093908] RTC time: 11:51:12, date: 03/17/21
[    2.137432] NET: Registered protocol family 16
[    2.196044] cpuidle: using governor ladder
[    2.252053] cpuidle: using governor menu
[    2.309274] PCCT header not found.
[    2.364862] ACPI: bus type PCI registered
[    2.424050] acpiphp: ACPI Hot Plug PCI Controller Driver version: 0.5
[    2.501650] PCI: Using configuration type 1 for base access
[    2.576038] ACPI: Added _OSI(Module Device)
[    2.580031] ACPI: Added _OSI(Processor Device)
[    2.584038] ACPI: Added _OSI(3.0 _SCP Extensions)
[    2.588036] ACPI: Added _OSI(Processor Aggregator Device)
[    2.609433] ACPI: Executed 1 blocks of module-level executable AML code
[    2.658406] ACPI: Interpreter enabled
[    2.660096] ACPI: (supports S0 S5)
[    2.664031] ACPI: Using IOAPIC for interrupt routing
[    2.670272] PCI: Using host bridge windows from ACPI; if necessary, use "pci=nocrs" and report a bug
[    2.748200] ACPI: PCI Root Bridge [PCI0] (domain 0000 [bus 00-ff])
[    2.756022] acpi PNP0A03:00: _OSC: OS supports [ASPM ClockPM Segments MSI]
[    2.763549] acpi PNP0A03:00: _OSC: not requesting OS control; OS requires [ExtendedConfig ASPM ClockPM MSI]
[    2.764081] acpi PNP0A03:00: fail to add MMCONFIG information, can't access extended PCI configuration space under this bridge.
[    2.771851] PCI host bridge to bus 0000:00
[    2.772175] pci_bus 0000:00: root bus resource [io  0x0000-0x0cf7 window]
[    2.776037] pci_bus 0000:00: root bus resource [io  0x0d00-0xffff window]
[    2.780035] pci_bus 0000:00: root bus resource [mem 0x000a0000-0x000bffff window]
[    2.784033] pci_bus 0000:00: root bus resource [mem 0x40000000-0xfdffffff window]
[    2.788033] pci_bus 0000:00: root bus resource [bus 00-ff]
[    2.821059] pci 0000:00:01.1: legacy IDE quirk: reg 0x10: [io  0x01f0-0x01f7]
[    2.824031] pci 0000:00:01.1: legacy IDE quirk: reg 0x14: [io  0x03f6]
[    2.828039] pci 0000:00:01.1: legacy IDE quirk: reg 0x18: [io  0x0170-0x0177]
[    2.832038] pci 0000:00:01.1: legacy IDE quirk: reg 0x1c: [io  0x0376]
[    3.120203] pci 0000:00:07.0: quirk: [io  0x4000-0x403f] claimed by PIIX4 ACPI
[    3.620177] pci 0000:00:07.0: quirk: [io  0x4100-0x410f] claimed by PIIX4 SMB
[    4.296155] ACPI: PCI Interrupt Link [LNKA] (IRQs 5 9 10 *11)
[    4.373141] ACPI: PCI Interrupt Link [LNKB] (IRQs 5 9 *10 11)
[    4.405069] ACPI: PCI Interrupt Link [LNKC] (IRQs 5 *9 10 11)
[    4.444128] ACPI: PCI Interrupt Link [LNKD] (IRQs 5 9 10 *11)
[    4.704786] ACPI: Enabled 2 GPEs in block 00 to 07
[    4.864983] vgaarb: setting as boot device: PCI:0000:00:02.0
[    4.868000] vgaarb: device added: PCI:0000:00:02.0,decodes=io+mem,owns=io+mem,locks=none
[    5.100046] vgaarb: loaded
[    5.124025] vgaarb: bridge control possible 0000:00:02.0
[    5.166586] SCSI subsystem initialized
[    5.201742] ACPI: bus type USB registered
[    5.236148] usbcore: registered new interface driver usbfs
[    5.276120] usbcore: registered new interface driver hub
[    5.316093] usbcore: registered new device driver usb
[    5.361957] PCI: Using ACPI for IRQ routing
[    5.409207] NetLabel: Initializing
[    5.440018] NetLabel:  domain hash size = 128
[    5.476019] NetLabel:  protocols = UNLABELED CIPSOv4
[    5.516295] NetLabel:  unlabeled traffic allowed by default
[    5.560775] amd_nb: Cannot enumerate AMD northbridges
[    5.597814] clocksource: Switched to clocksource kvm-clock
[    6.058364] AppArmor: AppArmor Filesystem Enabled
[    6.060879] pnp: PnP ACPI init
[    6.060879] pnp: PnP ACPI: found 3 devices
[    6.462458] clocksource: acpi_pm: mask: 0xffffff max_cycles: 0xffffff, max_idle_ns: 2085701024 ns
[    6.535154] NET: Registered protocol family 2
[    6.583456] TCP established hash table entries: 8192 (order: 4, 65536 bytes)
[    6.645400] TCP bind hash table entries: 8192 (order: 5, 131072 bytes)
[    6.709614] TCP: Hash tables configured (established 8192 bind 8192)
[    6.769737] UDP hash table entries: 512 (order: 2, 16384 bytes)
[    6.819426] UDP-Lite hash table entries: 512 (order: 2, 16384 bytes)
[    6.883952] NET: Registered protocol family 1
[    6.928589] pci 0000:00:00.0: Limiting direct PCI/PCI transfers
[    6.987024] pci 0000:00:01.0: Activating ISA DMA hang workarounds
[    7.046405] Unpacking initramfs...
[   11.464600] Freeing initrd memory: 14884K
[   11.464600] clocksource: tsc: mask: 0xffffffffffffffff max_cycles: 0x19f2297dd97, max_idle_ns: 440795236593 ns
[   11.464600] platform rtc_cmos: registered platform RTC device (no PNP device found)
[   11.464600] Scanning for low memory corruption every 60 seconds
[   11.895916] audit: initializing netlink subsys (disabled)
[   11.946362] audit: type=2000 audit(1615981890.301:1): initialized
[   11.999700] Initialise system trusted keyring
[   12.042385] HugeTLB registered 2 MB page size, pre-allocated 0 pages
[   12.114063] zbud: loaded
[   12.146721] VFS: Disk quotas dquot_6.6.0
[   12.179921] VFS: Dquot-cache hash table entries: 512 (order 0, 4096 bytes)
[   12.231771] squashfs: version 4.0 (2009/01/31) Phillip Lougher
[   12.274268] fuse init (API version 7.23)
[   12.306309] Key type big_key registered
[   12.333788] Allocating IMA MOK and blacklist keyrings.
[   12.436007] Key type asymmetric registered
[   12.464952] Asymmetric key parser 'x509' registered
[   12.497470] Block layer SCSI generic (bsg) driver version 0.4 loaded (major 249)
[   12.543814] io scheduler noop registered
[   12.572416] io scheduler deadline registered (default)
[   12.609390] io scheduler cfq registered
[   12.635166] pci_hotplug: PCI Hot Plug PCI Core version: 0.5
[   12.669765] pciehp: PCI Express Hot Plug Controller Driver version: 0.4
[   12.715044] ACPI: AC Adapter [AC] (on-line)
[   12.743632] input: Power Button as /devices/LNXSYSTM:00/LNXPWRBN:00/input/input0
[   12.785636] ACPI: Power Button [PWRF]
[   12.809638] input: Sleep Button as /devices/LNXSYSTM:00/LNXSLPBN:00/input/input1
[   12.883788] ACPI: Sleep Button [SLPF]
[   12.927551] GHES: HEST is not enabled!
[   12.968350] Serial: 8250/16550 driver, 32 ports, IRQ sharing enabled
[   12.975085] ACPI: Battery Slot [BAT0] (battery present)
[   13.327723] 00:02: ttyS0 at I/O 0x3f8 (irq = 4, base_baud = 115200) is a 16550A
[   13.458550] Linux agpgart interface v0.103
[   13.590966] loop: module loaded
[   13.645913] scsi host0: ata_piix
[   13.678336] scsi host1: ata_piix
[   13.707066] ata1: PATA max UDMA/33 cmd 0x1f0 ctl 0x3f6 bmdma 0xd000 irq 14
[   13.757840] ata2: PATA max UDMA/33 cmd 0x170 ctl 0x376 bmdma 0xd008 irq 15
[   13.808407] libphy: Fixed MDIO Bus: probed
[   13.838997] tun: Universal TUN/TAP device driver, 1.6
[   13.883895] tun: (C) 1999-2004 Max Krasnyansky <maxk@qualcomm.com>
[   13.925898] PPP generic driver version 2.4.2
[   13.956346] ehci_hcd: USB 2.0 'Enhanced' Host Controller (EHCI) Driver
[   14.009920] ehci-pci: EHCI PCI platform driver
[   14.047801] ehci-platform: EHCI generic platform driver
[   14.098383] ohci_hcd: USB 1.1 'Open' Host Controller (OHCI) Driver
[   14.144713] ohci-pci: OHCI PCI platform driver
[   14.179309] ohci-platform: OHCI generic platform driver
[   14.229251] uhci_hcd: USB Universal Host Controller Interface driver
[   14.271756] i8042: PNP: PS/2 Controller [PNP0303:PS2K,PNP0f03:PS2M] at 0x60,0x64 irq 1,12
[   14.349140] serio: i8042 KBD port at 0x60,0x64 irq 1
[   14.383249] serio: i8042 AUX port at 0x60,0x64 irq 12
[   14.421596] mousedev: PS/2 mouse device common for all mice
[   14.475379] input: AT Translated Set 2 keyboard as /devices/platform/i8042/serio0/input/input2
[   14.534595] rtc_cmos rtc_cmos: rtc core: registered rtc_cmos as rtc0
[   14.572928] rtc_cmos rtc_cmos: alarms up to one day, 114 bytes nvram
[   14.573818] i2c /dev entries driver
[   14.573818] device-mapper: uevent: version 1.0.3
[   14.671896] device-mapper: ioctl: 4.34.0-ioctl (2015-10-28) initialised: dm-devel@redhat.com
[   14.739234] ledtrig-cpu: registered to indicate activity on CPUs
[   14.803416] NET: Registered protocol family 10
[   14.843140] NET: Registered protocol family 17
[   14.884094] Key type dns_resolver registered
[   14.939512] registered taskstats version 1
[   14.970339] Loading compiled-in X.509 certificates
[   15.020533] Loaded X.509 cert 'Build time autogenerated kernel key: 7d89d4973e8e82529e7123890c54abbb198c4f27'
[   15.022357] zswap: loaded using pool lzo/zbud
[   15.159700] Key type trusted registered
[   15.258606] Key type encrypted registered
[   15.287348] AppArmor: AppArmor sha1 policy hashing enabled
[   15.327069] ima: No TPM chip found, activating TPM-bypass!
[   15.366251] ima: Allocated hash algorithm: sha1
[   15.401096] evm: HMAC attrs: 0x1
[   15.431144]   Magic number: 13:762:883
[   15.459709] rtc_cmos rtc_cmos: setting system clock to 2021-03-17 11:51:27 UTC (1615981887)
[   15.511639] BIOS EDD facility v0.16 2004-Jun-25, 0 devices found
[   15.550154] EDD information not available.
[   15.591574] Freeing unused kernel memory: 1496K
[   15.621116] Write protecting the kernel read-only data: 14336k
[   15.664424] Freeing unused kernel memory: 1588K
[   15.695402] Freeing unused kernel memory: 52K
Loading, please wait...
starting version 229
[   15.928373] random: systemd-udevd: uninitialized urandom read (16 bytes read, 9 bits of entropy available)
[   15.941063] random: udevadm: uninitialized urandom read (16 bytes read, 9 bits of entropy available)
[   15.941673] random: udevadm: uninitialized urandom read (16 bytes read, 9 bits of entropy available)
[   16.093264] random: udevadm: uninitialized urandom read (16 bytes read, 9 bits of entropy available)
[   16.093564] random: udevadm: uninitialized urandom read (16 bytes read, 9 bits of entropy available)
[   16.094860] random: udevadm: uninitialized urandom read (16 bytes read, 9 bits of entropy available)
[   16.095188] random: udevadm: uninitialized urandom read (16 bytes read, 9 bits of entropy available)
[   16.097846] random: udevadm: uninitialized urandom read (16 bytes read, 9 bits of entropy available)
[   16.098175] random: udevadm: uninitialized urandom read (16 bytes read, 9 bits of entropy available)
[   16.098745] random: udevadm: uninitialized urandom read (16 bytes read, 9 bits of entropy available)
[   17.376013] e1000: Intel(R) PRO/1000 Network Driver - version 7.3.21-k8-NAPI
[   17.419347] e1000: Copyright (c) 1999-2006 Intel Corporation.
[   17.470509] Fusion MPT base driver 3.04.20
[   17.509209] Copyright (c) 1999-2008 LSI Corporation
[   18.173005] Fusion MPT SPI Host driver 3.04.20
[   19.386775] input: ImExPS/2 Generic Explorer Mouse as /devices/platform/i8042/serio1/input/input4
[   23.017837] e1000 0000:00:03.0 eth0: (PCI:33MHz:32-bit) 02:96:8e:bc:5b:f3
[   23.017837] e1000 0000:00:03.0 eth0: Intel(R) PRO/1000 Network Connection
[   27.108412] e1000 0000:00:08.0 eth1: (PCI:33MHz:32-bit) 08:00:27:c8:37:2d
[   27.108412] e1000 0000:00:08.0 eth1: Intel(R) PRO/1000 Network Connection
[   27.380896] e1000 0000:00:08.0 enp0s8: renamed from eth1
[   27.448282] e1000 0000:00:03.0 enp0s3: renamed from eth0
[   27.451568] mptbase: ioc0: Initiating bringup
[   27.574394] ioc0: LSI53C1030 A0: Capabilities={Initiator}
[   28.712919] scsi host2: ioc0: LSI53C1030 A0, FwRev=00000000h, Ports=1, MaxQ=256, IRQ=20
[   28.935065] scsi 2:0:0:0: Direct-Access     VBOX     HARDDISK         1.0  PQ: 0 ANSI: 5
[   28.992146] scsi target2:0:0: Beginning Domain Validation
[   29.103776] scsi target2:0:0: Domain Validation skipping write tests
[   29.156561] scsi target2:0:0: Ending Domain Validation
[   29.199699] scsi target2:0:0: asynchronous
[   29.253623] scsi 2:0:1:0: Direct-Access     VBOX     HARDDISK         1.0  PQ: 0 ANSI: 5
[   29.310032] scsi target2:0:1: Beginning Domain Validation
[   29.399368] scsi target2:0:1: Domain Validation skipping write tests
[   29.438079] scsi target2:0:1: Ending Domain Validation
[   29.464600] scsi target2:0:1: asynchronous
[   29.843519] sd 2:0:0:0: Attached scsi generic sg0 type 0
[   29.891517] sd 2:0:0:0: [sda] 83886080 512-byte logical blocks: (42.9 GB/40.0 GiB)
[   29.941121] sd 2:0:1:0: Attached scsi generic sg1 type 0
[   29.987055] sd 2:0:1:0: [sdb] 20480 512-byte logical blocks: (10.5 MB/10.0 MiB)
[   30.038161] sd 2:0:0:0: [sda] Write Protect is off
[   30.043456] sd 2:0:1:0: [sdb] Write Protect is off
[   30.047543] sd 2:0:1:0: [sdb] Incomplete mode parameter data
[   30.047552] sd 2:0:1:0: [sdb] Assuming drive cache: write through
[   30.127058] sd 2:0:1:0: [sdb] Attached SCSI disk
[   30.208786] sd 2:0:0:0: [sda] Incomplete mode parameter data
[   30.248785] sd 2:0:0:0: [sda] Assuming drive cache: write through
[   30.353119]  sda: sda1
[   30.423838] sd 2:0:0:0: [sda] Attached SCSI disk
Begin: Loading essential drivers ... [   38.807478] md: linear personality registered for level -1
[   38.979459] md: multipath personality registered for level -4
[   39.093245] md: raid0 personality registered for level 0
[   39.304208] md: raid1 personality registered for level 1
[   39.501973] raid6: sse2x1   gen()   671 MB/s
[   39.604533] raid6: sse2x1   xor()   488 MB/s
[   39.705730] raid6: sse2x2   gen()  1082 MB/s
[   39.805280] raid6: sse2x2   xor()  1066 MB/s
[   39.901761] raid6: sse2x4   gen()  1449 MB/s
[   39.992958] raid6: sse2x4   xor()  1132 MB/s
[   40.022114] raid6: using algorithm sse2x4 gen() 1449 MB/s
[   40.054649] raid6: .... xor() 1132 MB/s, rmw enabled
[   40.084966] raid6: using ssse3x2 recovery algorithm
[   40.137860] xor: measuring software checksum speed
[   40.889951]    prefetch64-sse: 349606.000 MB/sec
[   41.859457]    generic_sse: 458453.000 MB/sec
[   41.908196] xor: using function: generic_sse (458453.000 MB/sec)
[   42.039481] async_tx: api initialized (async)
[   42.536152] md: raid6 personality registered for level 6
[   42.581747] md: raid5 personality registered for level 5
[   42.629475] md: raid4 personality registered for level 4
[   42.850940] md: raid10 personality registered for level 10
done.
Begin: Running /scripts/init-premount ... done.
Begin: Mounting root file system ... Begin: Running /scripts/local-top ... done.
Begin: Running /scripts/local-premount ... [   43.468503] Btrfs loaded
Scanning for Btrfs filesystems
done.
Warning: fsck not present, so skipping root file system
[   44.099166] EXT4-fs (sda1): INFO: recovery required on readonly filesystem
[   44.170885] EXT4-fs (sda1): write access will be enabled during recovery
[   44.477568] EXT4-fs (sda1): recovery complete
[   44.506014] EXT4-fs (sda1): mounted filesystem with ordered data mode. Opts: (null)
done.
Begin: Running /scripts/local-bottom ... done.
Begin: Running /scripts/init-bottom ... [   44.807867] random: nonblocking pool is initialized
done.
[   46.061624] systemd[1]: systemd 229 running in system mode. (+PAM +AUDIT +SELINUX +IMA +APPARMOR +SMACK +SYSVINIT +UTMP +LIBCRYPTSETUP +GCRYPT +GNUTLS +ACL +XZ -LZ4 +SECCOMP +BLKID +ELFUTILS +KMOD -IDN)
[   46.219052] systemd[1]: Detected virtualization oracle.
[   46.269116] systemd[1]: Detected architecture x86-64.

Welcome to [1mUbuntu 16.04.7 LTS[0m!

[   46.450856] systemd[1]: Set hostname to <web01>.
[   48.436755] systemd[1]: Created slice System Slice.
[[0;32m  OK  [0m] Created slice System Slice.
[   48.523184] systemd[1]: Listening on Journal Socket.
[[0;32m  OK  [0m] Listening on Journal Socket.
[   48.609898] systemd[1]: Listening on Journal Socket (/dev/log).
[[0;32m  OK  [0m] Listening on Journal Socket (/dev/log).
[   48.703137] systemd[1]: Reached target Encrypted Volumes.
[[0;32m  OK  [0m] Reached target Encrypted Volumes.
[   48.843648] systemd[1]: Starting Uncomplicated firewall...
         Starting Uncomplicated firewall...
[   48.922939] systemd[1]: Listening on udev Control Socket.
[[0;32m  OK  [0m] Listening on udev Control Socket.
[   48.985299] systemd[1]: Created slice system-serial\x2dgetty.slice.
[[0;32m  OK  [0m] Created slice system-serial\x2dgetty.slice.
[   49.052463] systemd[1]: Listening on Device-mapper event daemon FIFOs.
[[0;32m  OK  [0m] Listening on Device-mapper event daemon FIFOs.
[   49.123062] systemd[1]: Listening on Journal Audit Socket.
[[0;32m  OK  [0m] Listening on Journal Audit Socket.
[   49.185818] systemd[1]: Created slice User and Session Slice.
[[0;32m  OK  [0m] Created slice User and Session Slice.
[   49.270887] systemd[1]: Listening on LVM2 poll daemon socket.
[[0;32m  OK  [0m] Listening on LVM2 poll daemon socket.
[   49.347695] systemd[1]: Started Trigger resolvconf update for networkd DNS.
[[0;32m  OK  [0m] Started Trigger resolvconf update for networkd DNS.
[   49.470620] systemd[1]: Mounting Huge Pages File System...
         Mounting Huge Pages File System...
[   49.608707] systemd[1]: Starting Nameserver information manager...
         Starting Nameserver information manager...
[   49.742654] systemd[1]: Starting Load Kernel Modules...
         Starting Load Kernel Modules...
[   49.835769] systemd[1]: Starting Set console keymap...
         Starting Set console keymap...
[   49.975630] systemd[1]: Started Forward Password Requests to Wall Directory Watch.
[   50.058491] Loading iSCSI transport class v2.0-870.
[[0;32m  OK  [0m] Started Forward Password Requests to Wall Directory Watch.
[   50.269556] systemd[1]: Listening on /dev/initctl Compatibility Named Pipe.
[[0;32m  OK  [0m] [   50.434713] iscsi: registered transport (tcp)
Listening on /dev/initctl Compatibility Named Pipe.
[   50.530007] systemd[1]: Listening on LVM2 metadata daemon socket.
[[0;32m  OK  [0m] Listening on LVM2 metadata daemon socket.
[   50.940960] systemd[1]: Starting Monitoring of LVM2 mirrors, snapshots etc. using dmeventd or progress polling...
         Starting Monitoring of LVM2 mirrors... dmeventd or progress polling...
[   51.180399] systemd[1]: Reached target Swap.
[[0;32m  OK  [0m] Reached target Swap.
[   51.367419] systemd[1]: Mounting Debug File System...
         Mounting Debug File System...
[   51.556173] systemd[1]: Listening on Syslog Socket.
[[0;32m  OK  [0m] Listening on Syslog Socket.
[   51.771913] systemd[1]: Listening on fsck to fsckd communication Socket.
[[0;32m  OK  [0m] Listening on fsck to fsckd communication Socket.
[   52.109690] systemd[1]: Starting File System Check on Root Device...
         Starting File System Check on Root Device...
[   52.435908] systemd[1]: Starting Journal Service...
         Starting Journal[   52.579794] iscsi: registered transport (iser)
 Service...
[   52.667689] systemd[1]: Starting Create list of required static device nodes for the current kernel...
         Starting Create list of required st... nodes for the current kernel...
[   52.883925] systemd[1]: Reached target User and Group Name Lookups.
[[0;32m  OK  [0m] Reached target User and Group Name Lookups.
[   53.011451] systemd[1]: Listening on udev Kernel Socket.
[[0;32m  OK  [0m] Listening on udev Kernel Socket.
[   53.177798] systemd[1]: Mounting POSIX Message Queue File System...
         Mounting POSIX Message Queue File System...
[   53.342789] systemd[1]: Reached target Slices.
[[0;32m  OK  [0m] Reached target Slices.
[   53.459717] systemd[1]: Set up automount Arbitrary Executable File Formats File System Automount Point.
[[0;32m  OK  [0m] Set up automount Arbitrary Executab...ats File System Automount Point.
[   53.631886] systemd[1]: Reached target System Time Synchronized.
[[0;32m  OK  [0m] Reached target System Time Synchronized.
[   53.821699] systemd[1]: Mounted Huge Pages File System.
[[0;32m  OK  [0m] Mounted Huge Pages File System.
[   53.960174] systemd[1]: Mounted POSIX Message Queue File System.
[[0;32m  OK  [0m] Mounted POSIX Message Queue File System.
[   54.090318] systemd[1]: Mounted Debug File System.
[[0;32m  OK  [0m] Mounted Debug File System.
[   54.189115] systemd[1]: Started Journal Service.
[[0;32m  OK  [0m] Started Journal Service.
[[0;32m  OK  [0m] Started Uncomplicated firewall.
[[0;32m  OK  [0m] Started Load Kernel Modules.
[[0;32m  OK  [0m] Started Set console keymap.
[[0;32m  OK  [0m] Started File System Check on Root Device.
[[0;32m  OK  [0m] Started Create list of required sta...ce nodes for the current kernel.
[[0;32m  OK  [0m] Started Nameserver information manager.
[[0;32m  OK  [0m] Started File System Check Daemon to report status.
[[0;32m  OK  [0m] Started LVM2 metadata daemon.
         Starting Create Static Device Nodes in /dev...
         Starting Remount Root and Kernel File Systems...
         Starting Apply Kernel Variables...
         [   55.613670] EXT4-fs (sda1): re-mounted. Opts: (null)
Mounting FUSE Control File System...
[[0;32m  OK  [0m] Started Remount Root and Kernel File Systems.
[[0;32m  OK  [0m] Mounted FUSE Control File System.
         Starting Flush Journal to Persistent Storage...
         Starting Load/Save Random Seed...
         Starting udev Coldplug all Devices...
[[0;32m  OK  [0m] Started Monitoring of LVM2 mirrors,...ng dmeventd or progress polling.
[[0;32m  OK  [0m] Started Create Static Device Nodes in /dev.
[[0;32m  OK  [0m] Started Apply Kernel Variables.
[[0;32m  OK  [0m] Started Load/Save Random Seed.
         Starting udev Kernel Device Manager...
[[0;32m  OK  [0m] Reached target Local File Systems (Pre).
[[0;32m  OK  [0m] Reached target Local File Systems.
         Starting Initial cloud-init job (pre-networking)...
         Starting Tell Plymouth To Write Out Runtime Data...
         Starting LSB: AppArmor initialization...
         Starting Set console font and keymap...
         Mounting /vagrant...
[[0;32m  OK  [0m] Started Tell Plymouth To Write Out Runtime Data.
[[0;32m  OK  [0m] Started udev Kernel Device Manager.
[[0;1;31mFAILED[0m] Failed to mount /vagrant.
See 'systemctl status vagrant.mount' for details.
[[0;32m  OK  [0m] Started Flush Journal to Persistent Storage.
         Starting Create Volatile Files and Directories...
[[0;32m  OK  [0m] Started Create Volatile Files and Directories.
         Starting Update UTMP about System Boot/Shutdown...
[[0;32m  OK  [0m] Started Update UTMP about System Boot/Shutdown.
[[0;32m  OK  [0m] Started udev Coldplug all Devices.
[[0;32m  OK  [0m] Started LSB: AppArmor initialization.
[[0;32m  OK  [0m] Found device /dev/ttyS0.
         Starting Load AppArmor profiles managed internally by snapd...
[[0;32m  OK  [0m] Started Dispatch Password Requests to Console Directory Watch.
[[0;32m  OK  [0m] Started Load AppArmor profiles managed internally by snapd.
[[0;32m  OK  [0m] Listening on Load/Save RF Kill Switch Status /dev/rfkill Watch.
[[0;32m  OK  [0m] Found device 82540EM Gigabit Ethern...r (PRO/1000 MT Desktop Adapter).
[[0;32m  OK  [0m] Found device 82540EM Gigabit Ethern...r (PRO/1000 MT Desktop Adapter).
[  103.956785] cloud-init[462]: Cloud-init v. 20.4.1-0ubuntu1~16.04.1 running 'init-local' at Wed, 17 Mar 2021 11:52:51 +0000. Up 99.03 seconds.
[[0;32m  OK  [0m] Started Initial cloud-init job (pre-networking).
[[0;32m  OK  [0m] Reached target Network (Pre).
         Starting Raise network interfaces...
[[0;32m  OK  [0m] Started ifup for enp0s8.
[[0;32m  OK  [0m] Started ifup for enp0s3.
[[0;32m  OK  [0m] Started Set console font and keymap.
[[0;32m  OK  [0m] Created slice system-getty.slice.
[[0;32m  OK  [0m] Started Raise network interfaces.
         Starting Initial cloud-init job (metadata service crawler)...
[[0;32m  OK  [0m] Reached target Network.
[  116.608837] cloud-init[1087]: Cloud-init v. 20.4.1-0ubuntu1~16.04.1 running 'init' at Wed, 17 Mar 2021 11:53:06 +0000. Up 114.51 seconds.
[  116.642104] cloud-init[1087]: ci-info: ++++++++++++++++++++++++++++++++++++++Net device info+++++++++++++++++++++++++++++++++++++++
[  116.680215] cloud-init[1087]: ci-info: +--------+------+-----------------------------+---------------+--------+-------------------+
[  116.717943] cloud-init[1087]: ci-info: | Device |  Up  |           Address           |      Mask     | Scope  |     Hw-Address    |
[  116.755688] cloud-init[1087]: ci-info: +--------+------+-----------------------------+---------------+--------+-------------------+
[  116.793349] cloud-init[1087]: ci-info: | enp0s3 | True |          10.0.2.15          | 255.255.255.0 | global | 02:96:8e:bc:5b:f3 |
[  116.830641] cloud-init[1087]: ci-info: | enp0s3 | True |  fe80::96:8eff:febc:5bf3/64 |       .       |  link  | 02:96:8e:bc:5b:f3 |
[  116.868325] cloud-init[1087]: ci-info: | enp0s8 | True |        192.168.33.11        | 255.255.255.0 | global | 08:00:27:c8:37:2d |
[  116.907517] cloud-init[1087]: ci-info: | enp0s8 | True | fe80::a00:27ff:fec8:372d/64 |       .       |  link  | 08:00:27:c8:37:2d |
[  116.944735] cloud-init[1087]: ci-info: |   lo   | True |          127.0.0.1          |   255.0.0.0   |  host  |         .         |
[  116.984864] cloud-init[1087]: ci-info: |   lo   | True |           ::1/128           |       .       |  host  |         .         |
[  117.022854] cloud-init[1087]: ci-info: +--------+------+-----------------------------+---------------+--------+-------------------+
[  117.062360] cloud-init[1087]: ci-info: ++++++++++++++++++++++++++++Route IPv4 info++++++++++++++++++++++++++++
[  117.107720] cloud-init[1087]: ci-info: +-------+--------------+----------+---------------+-----------+-------+
[  117.153983] cloud-init[1087]: ci-info: | Route | Destination  | Gateway  |    Genmask    | Interface | Flags |
[  117.206436] cloud-init[1087]: ci-info: +-------+--------------+----------+---------------+-----------+-------+
[  117.261271] cloud-init[1087]: ci-info: |   0   |   0.0.0.0    | 10.0.2.2 |    0.0.0.0    |   enp0s3  |   UG  |
[  117.304214] cloud-init[1087]: ci-info: |   1   |   10.0.2.0   | 0.0.0.0  | 255.255.255.0 |   enp0s3  |   U   |
[  117.347560] cloud-init[1087]: ci-info: |   2   | 192.168.33.0 | 0.0.0.0  | 255.255.255.0 |   enp0s8  |   U   |
[  117.395403] cloud-init[1087]: ci-info: +-------+--------------+----------+---------------+-----------+-------+
[  117.437809] cloud-init[1087]: ci-info: +++++++++++++++++++Route IPv6 info+++++++++++++++++++
[  117.474251] cloud-init[1087]: ci-info: +-------+-------------+---------+-----------+-------+
[  117.513273] cloud-init[1087]: ci-info: | Route | Destination | Gateway | Interface | Flags |
[  117.549999] cloud-init[1087]: ci-info: +-------+-------------+---------+-----------+-------+
[  117.589485] cloud-init[1087]: ci-info: |   0   |  fe80::/64  |    ::   |   enp0s8  |   U   |
[  117.628076] cloud-init[1087]: ci-info: |   1   |  fe80::/64  |    ::   |   enp0s3  |   U   |
[  117.665063] cloud-init[1087]: ci-info: |   6   |   ff00::/8  |    ::   |   enp0s8  |   U   |
[  117.703521] cloud-init[1087]: ci-info: |   7   |   ff00::/8  |    ::   |   enp0s3  |   U   |
[  117.740466] cloud-init[1087]: ci-info: +-------+-------------+---------+-----------+-------+
[[0;32m  OK  [0m] Started Initial cloud-init job (metadata service crawler).
[[0;32m  OK  [0m] Reached target Cloud-config availability.
[[0;32m  OK  [0m] Reached target System Initialization.
         Starting LXD - unix socket.
[[0;32m  OK  [0m] Listening on D-Bus System Message Bus Socket.
[[0;32m  OK  [0m] Started Daily Cleanup of Temporary Directories.
         Starting Socket activation for snappy daemon.
[[0;32m  OK  [0m] Started ACPI Events Check.
[[0;32m  OK  [0m] Reached target Paths.
[[0;32m  OK  [0m] Started Daily apt download activities.
[[0;32m  OK  [0m] Started Daily apt upgrade and clean activities.
[[0;32m  OK  [0m] Listening on ACPID Listen Socket.
[[0;32m  OK  [0m] Listening on UUID daemon activation socket.
[[0;32m  OK  [0m] Started Message of the Day.
[[0;32m  OK  [0m] Reached target Timers.
[[0;32m  OK  [0m] Reached target Network is Online.
         Starting iSCSI initiator daemon (iscsid)...
[[0;32m  OK  [0m] Listening on LXD - unix socket.
[[0;32m  OK  [0m] Listening on Socket activation for snappy daemon.
[[0;32m  OK  [0m] Reached target Sockets.
[[0;32m  OK  [0m] Reached target Basic System.
         Starting LXD - container startup/shutdown...
         Starting /etc/rc.local Compatibility...
[[0;32m  OK  [0m] Started ACPI event daemon.
         Starting Virtualbox guest utils...
         Starting OpenBSD Secure Shell server...
         Starting LSB: Record successful boot for GRUB...
[[0;32m  OK  [0m] Started FUSE filesystem for LXC.
         Starting Accounts Service...
         Starting Login Service...
[[0;32m  OK  [0m] Started D-Bus System Message Bus.
         Starting A high performance web server and a reverse proxy server...
[[0;32m  OK  [0m] Started Deferred execution scheduler.
         Starting LSB: MD monitoring daemon...
         Starting Snap Daemon...
         Starting System Logging Service...
[[0;32m  OK  [0m] Started Regular background program processing daemon.
[[0;32m  OK  [0m] Started iSCSI initiator daemon (iscsid).
[[0;32m  OK  [0m] Started LXD - container startup/shutdown.
[[0;32m  OK  [0m] Started /etc/rc.local Compatibility.
[[0;32m  OK  [0m] Started Login Service.
[[0;32m  OK  [0m] Started Unattended Upgrades Shutdown.
         Starting Authenticate and Authorize Users to Run Privileged Tasks...
         Starting Login to default iSCSI targets...
[[0;32m  OK  [0m] Started OpenBSD Secure Shell server.
[[0;32m  OK  [0m] Started System Logging Service.
[[0;32m  OK  [0m] Started LSB: Record successful boot for GRUB.
[[0;32m  OK  [0m] Started LSB: MD monitoring daemon.
[[0;32m  OK  [0m] Started Login to default iSCSI targets.
[[0;32m  OK  [0m] Reached target Remote File Systems (Pre).
[[0;32m  OK  [0m] Reached target Remote File Systems.
         Starting LSB: Set the CPU Frequency Scaling governor to "ondemand"...
         Starting LSB: daemon to balance interrupts for SMP systems...
         Starting LSB: automatic crash report generation...
         Starting Permit User Sessions...
[[0;32m  OK  [0m] Started Permit User Sessions.
[[0;32m  OK  [0m] Started Authenticate and Authorize Users to Run Privileged Tasks.
[[0;32m  OK  [0m] Started Accounts Service.
         Starting Hold until boot process finishes up...
         Starting Terminate Plymouth Boot Screen...
[[0;32m  OK  [0m] Started Terminate Plymouth Boot Screen.
[[0;32m  OK  [0m] Started Hold until boot process finishes up.
[[0;32m  OK  [0m] Started Getty on tty1.
[[0;32m  OK  [0m] Started Serial Getty on ttyS0.
[[0;32m  OK  [0m] Reached target Login Prompts.
         Starting Set console scheme...
[[0;32m  OK  [0m] Started LSB: Set the CPU Frequency Scaling governor to "ondemand".
[[0;32m  OK  [0m] Started A high performance web server and a reverse proxy server.
[[0;32m  OK  [0m] Started Set console scheme.
[[0;32m  OK  [0m] Started LSB: daemon to balance interrupts for SMP systems.
[[0;32m  OK  [0m] Started LSB: automatic crash report generation.
[[0;32m  OK  [0m] Started Virtualbox guest utils.
[[0;32m  OK  [0m] Started Snap Daemon.
         Starting Wait until snapd is fully seeded...
[[0;32m  OK  [0m] Started Wait until snapd is fully seeded.
         Starting Apply the settings specified in cloud-config...
[[0;32m  OK  [0m] Reached target Multi-User System.
[[0;32m  OK  [0m] Reached target Graphical Interface.
         Starting Update UTMP about System Runlevel Changes...
[[0;32m  OK  [0m] Started Update UTMP about System Runlevel Changes.

Ubuntu 16.04.7 LTS web01 ttyS0

web01 login: [  133.730201] cloud-init[1364]: Cloud-init v. 20.4.1-0ubuntu1~16.04.1 running 'modules:config' at Wed, 17 Mar 2021 11:53:24 +0000. Up 132.95 seconds.
[  136.913256] cloud-init[1383]: Cloud-init v. 20.4.1-0ubuntu1~16.04.1 running 'modules:final' at Wed, 17 Mar 2021 11:53:27 +0000. Up 135.93 seconds.
[  136.917706] cloud-init[1383]: Cloud-init v. 20.4.1-0ubuntu1~16.04.1 finished at Wed, 17 Mar 2021 11:53:28 +0000. Datasource DataSourceNoCloud [seed=/dev/sdb][dsmode=net].  Up 136.87 seconds
